2026-02-16T12:46:47.490Z  INFO 79243 --- [GhIE-ecard] [main] c.r.GhIE_ecard.GhieEcardApplication      : Starting GhieEcardApplication using Java 24.0.1 with PID 79243 (/Users/sarfowonder/Downloads/GhIE-ecard/target/classes started by sarfowonder in /Users/sarfowonder/Downloads/GhIE-ecard)
2026-02-16T12:46:47.547Z DEBUG 79243 --- [GhIE-ecard] [main] c.r.GhIE_ecard.GhieEcardApplication      : Running with Spring Boot v4.0.0, Spring v7.0.1
2026-02-16T12:46:47.548Z  INFO 79243 --- [GhIE-ecard] [main] c.r.GhIE_ecard.GhieEcardApplication      : No active profile set, falling back to 1 default profile: "default"
2026-02-16T12:46:49.626Z  INFO 79243 --- [GhIE-ecard] [main] .s.d.r.c.RepositoryConfigurationDelegate : Bootstrapping Spring Data JPA repositories in DEFAULT mode.
2026-02-16T12:46:49.730Z  INFO 79243 --- [GhIE-ecard] [main] .s.d.r.c.RepositoryConfigurationDelegate : Finished Spring Data repository scanning in 85 ms. Found 2 JPA repository interfaces.
2026-02-16T12:46:50.610Z  INFO 79243 --- [GhIE-ecard] [main] o.s.boot.tomcat.TomcatWebServer          : Tomcat initialized with port 8080 (http)
2026-02-16T12:46:50.645Z  INFO 79243 --- [GhIE-ecard] [main] o.apache.catalina.core.StandardService   : Starting service [Tomcat]
2026-02-16T12:46:50.645Z  INFO 79243 --- [GhIE-ecard] [main] o.apache.catalina.core.StandardEngine    : Starting Servlet engine: [Apache Tomcat/11.0.14]
2026-02-16T12:46:50.806Z  INFO 79243 --- [GhIE-ecard] [main] b.w.c.s.WebApplicationContextInitializer : Root WebApplicationContext: initialization completed in 2748 ms
2026-02-16T12:46:51.048Z  INFO 79243 --- [GhIE-ecard] [main] o.hibernate.jpa.internal.util.LogHelper  : HHH000204: Processing PersistenceUnitInfo [name: default]
2026-02-16T12:46:51.166Z  INFO 79243 --- [GhIE-ecard] [main] org.hibernate.Version                    : HHH000412: Hibernate ORM core version 7.1.8.Final
2026-02-16T12:46:52.035Z  INFO 79243 --- [GhIE-ecard] [main] o.s.o.j.p.SpringPersistenceUnitInfo      : No LoadTimeWeaver setup: ignoring JPA class transformer
2026-02-16T12:46:52.113Z  INFO 79243 --- [GhIE-ecard] [main] com.zaxxer.hikari.HikariDataSource       : HikariPool-1 - Starting...
2026-02-16T12:46:52.547Z  INFO 79243 --- [GhIE-ecard] [main] com.zaxxer.hikari.pool.HikariPool        : HikariPool-1 - Added connection org.postgresql.jdbc.PgConnection@26d7cb0d
2026-02-16T12:46:52.551Z  INFO 79243 --- [GhIE-ecard] [main] com.zaxxer.hikari.HikariDataSource       : HikariPool-1 - Start completed.
2026-02-16T12:46:52.714Z  INFO 79243 --- [GhIE-ecard] [main] org.hibernate.orm.connections.pooling    : HHH10001005: Database info:
	Database JDBC URL [jdbc:postgresql://localhost:5432/Members]
	Database driver: PostgreSQL JDBC Driver
	Database dialect: PostgreSQLDialect
	Database version: 18.1
	Default catalog/schema: Members/public
	Autocommit mode: undefined/unknown
	Isolation level: READ_COMMITTED [default READ_COMMITTED]
	JDBC fetch size: none
	Pool: DatasourceConnectionProviderImpl
	Minimum pool size: undefined/unknown
	Maximum pool size: undefined/unknown
2026-02-16T12:46:54.873Z  INFO 79243 --- [GhIE-ecard] [main] o.h.e.t.j.p.i.JtaPlatformInitiator       : HHH000489: No JTA platform available (set 'hibernate.transaction.jta.platform' to enable JTA platform integration)
2026-02-16T12:46:55.039Z  INFO 79243 --- [GhIE-ecard] [main] j.LocalContainerEntityManagerFactoryBean : Initialized JPA EntityManagerFactory for persistence unit 'default'
2026-02-16T12:46:55.160Z  INFO 79243 --- [GhIE-ecard] [main] o.s.d.j.r.query.QueryEnhancerFactories   : Hibernate is in classpath; If applicable, HQL parser will be used.
2026-02-16T12:46:55.475Z  WARN 79243 --- [GhIE-ecard] [main] JpaBaseConfiguration$JpaWebConfiguration : spring.jpa.open-in-view is enabled by default. Therefore, database queries may be performed during view rendering. Explicitly configure spring.jpa.open-in-view to disable this warning
2026-02-16T12:46:55.771Z DEBUG 79243 --- [GhIE-ecard] [main] c.r.G.services.JwtAuthenticationFilter   : Filter 'jwtAuthenticationFilter' configured for use
2026-02-16T12:46:56.304Z  INFO 79243 --- [GhIE-ecard] [main] r$InitializeUserDetailsManagerConfigurer : Global AuthenticationManager configured with UserDetailsService bean with name customUserDetailsService
2026-02-16T12:46:57.975Z  INFO 79243 --- [GhIE-ecard] [main] o.s.boot.tomcat.TomcatWebServer          : Tomcat started on port 8080 (http) with context path '/'
2026-02-16T12:46:58.037Z  INFO 79243 --- [GhIE-ecard] [main] c.r.GhIE_ecard.GhieEcardApplication      : Started GhieEcardApplication in 11.798 seconds (process running for 12.845)
2026-02-16T12:47:33.555Z  INFO 79243 --- [GhIE-ecard] [tomcat-handler-0] o.a.c.c.C.[Tomcat].[localhost].[/]       : Initializing Spring DispatcherServlet 'dispatcherServlet'
2026-02-16T12:47:33.557Z  INFO 79243 --- [GhIE-ecard] [tomcat-handler-0] o.s.web.servlet.DispatcherServlet        : Initializing Servlet 'dispatcherServlet'
2026-02-16T12:47:33.565Z  INFO 79243 --- [GhIE-ecard] [tomcat-handler-0] o.s.web.servlet.DispatcherServlet        : Completed initialization in 8 ms
2026-02-16T12:57:37.574Z  INFO 79243 --- [GhIE-ecard] [SpringApplicationShutdownHook] o.s.boot.tomcat.GracefulShutdown         : Commencing graceful shutdown. Waiting for active requests to complete
2026-02-16T12:57:37.599Z  INFO 79243 --- [GhIE-ecard] [tomcat-shutdown] o.s.boot.tomcat.GracefulShutdown         : Graceful shutdown complete
2026-02-16T12:57:37.617Z  INFO 79243 --- [GhIE-ecard] [SpringApplicationShutdownHook] j.LocalContainerEntityManagerFactoryBean : Closing JPA EntityManagerFactory for persistence unit 'default'
2026-02-16T12:57:37.640Z  INFO 79243 --- [GhIE-ecard] [SpringApplicationShutdownHook] com.zaxxer.hikari.HikariDataSource       : HikariPool-1 - Shutdown initiated...
2026-02-16T12:57:37.806Z  INFO 79243 --- [GhIE-ecard] [SpringApplicationShutdownHook] com.zaxxer.hikari.HikariDataSource       : HikariPool-1 - Shutdown completed.
2026-02-16T20:04:33.956Z  INFO 79869 --- [GhIE-ecard] [main] c.r.GhIE_ecard.GhieEcardApplication      : Starting GhieEcardApplication using Java 24.0.1 with PID 79869 (/Users/sarfowonder/Downloads/GhIE-ecard/target/classes started by sarfowonder in /Users/sarfowonder/Downloads/GhIE-ecard)
2026-02-16T20:04:33.964Z DEBUG 79869 --- [GhIE-ecard] [main] c.r.GhIE_ecard.GhieEcardApplication      : Running with Spring Boot v4.0.0, Spring v7.0.1
2026-02-16T20:04:33.966Z  INFO 79869 --- [GhIE-ecard] [main] c.r.GhIE_ecard.GhieEcardApplication      : No active profile set, falling back to 1 default profile: "default"
2026-02-16T20:04:36.131Z  INFO 79869 --- [GhIE-ecard] [main] .s.d.r.c.RepositoryConfigurationDelegate : Bootstrapping Spring Data JPA repositories in DEFAULT mode.
2026-02-16T20:04:36.253Z  INFO 79869 --- [GhIE-ecard] [main] .s.d.r.c.RepositoryConfigurationDelegate : Finished Spring Data repository scanning in 93 ms. Found 2 JPA repository interfaces.
2026-02-16T20:04:37.526Z  INFO 79869 --- [GhIE-ecard] [main] o.s.boot.tomcat.TomcatWebServer          : Tomcat initialized with port 8080 (http)
2026-02-16T20:04:37.564Z  INFO 79869 --- [GhIE-ecard] [main] o.apache.catalina.core.StandardService   : Starting service [Tomcat]
2026-02-16T20:04:37.565Z  INFO 79869 --- [GhIE-ecard] [main] o.apache.catalina.core.StandardEngine    : Starting Servlet engine: [Apache Tomcat/11.0.14]
2026-02-16T20:04:37.667Z  INFO 79869 --- [GhIE-ecard] [main] b.w.c.s.WebApplicationContextInitializer : Root WebApplicationContext: initialization completed in 3537 ms
2026-02-16T20:04:37.970Z  INFO 79869 --- [GhIE-ecard] [main] o.hibernate.jpa.internal.util.LogHelper  : HHH000204: Processing PersistenceUnitInfo [name: default]
2026-02-16T20:04:38.182Z  INFO 79869 --- [GhIE-ecard] [main] org.hibernate.Version                    : HHH000412: Hibernate ORM core version 7.1.8.Final
2026-02-16T20:04:40.021Z  INFO 79869 --- [GhIE-ecard] [main] o.s.o.j.p.SpringPersistenceUnitInfo      : No LoadTimeWeaver setup: ignoring JPA class transformer
2026-02-16T20:04:40.117Z  INFO 79869 --- [GhIE-ecard] [main] com.zaxxer.hikari.HikariDataSource       : HikariPool-1 - Starting...
2026-02-16T20:04:40.716Z  INFO 79869 --- [GhIE-ecard] [main] com.zaxxer.hikari.pool.HikariPool        : HikariPool-1 - Added connection org.postgresql.jdbc.PgConnection@c30f26d
2026-02-16T20:04:40.719Z  INFO 79869 --- [GhIE-ecard] [main] com.zaxxer.hikari.HikariDataSource       : HikariPool-1 - Start completed.
2026-02-16T20:04:40.969Z  INFO 79869 --- [GhIE-ecard] [main] org.hibernate.orm.connections.pooling    : HHH10001005: Database info:
	Database JDBC URL [jdbc:postgresql://localhost:5432/Members]
	Database driver: PostgreSQL JDBC Driver
	Database dialect: PostgreSQLDialect
	Database version: 18.1
	Default catalog/schema: Members/public
	Autocommit mode: undefined/unknown
	Isolation level: READ_COMMITTED [default READ_COMMITTED]
	JDBC fetch size: none
	Pool: DatasourceConnectionProviderImpl
	Minimum pool size: undefined/unknown
	Maximum pool size: undefined/unknown
2026-02-16T20:04:43.149Z  INFO 79869 --- [GhIE-ecard] [main] o.h.e.t.j.p.i.JtaPlatformInitiator       : HHH000489: No JTA platform available (set 'hibernate.transaction.jta.platform' to enable JTA platform integration)
2026-02-16T20:04:43.358Z  INFO 79869 --- [GhIE-ecard] [main] j.LocalContainerEntityManagerFactoryBean : Initialized JPA EntityManagerFactory for persistence unit 'default'
2026-02-16T20:04:43.511Z  INFO 79869 --- [GhIE-ecard] [main] o.s.d.j.r.query.QueryEnhancerFactories   : Hibernate is in classpath; If applicable, HQL parser will be used.
2026-02-16T20:04:43.907Z  WARN 79869 --- [GhIE-ecard] [main] JpaBaseConfiguration$JpaWebConfiguration : spring.jpa.open-in-view is enabled by default. Therefore, database queries may be performed during view rendering. Explicitly configure spring.jpa.open-in-view to disable this warning
2026-02-16T20:04:44.324Z DEBUG 79869 --- [GhIE-ecard] [main] c.r.G.services.JwtAuthenticationFilter   : Filter 'jwtAuthenticationFilter' configured for use
2026-02-16T20:04:44.935Z  INFO 79869 --- [GhIE-ecard] [main] r$InitializeUserDetailsManagerConfigurer : Global AuthenticationManager configured with UserDetailsService bean with name customUserDetailsService
2026-02-16T20:04:46.024Z  INFO 79869 --- [GhIE-ecard] [main] o.s.boot.tomcat.TomcatWebServer          : Tomcat started on port 8080 (http) with context path '/'
2026-02-16T20:04:46.038Z  INFO 79869 --- [GhIE-ecard] [main] c.r.GhIE_ecard.GhieEcardApplication      : Started GhieEcardApplication in 13.044 seconds (process running for 14.138)
2026-02-16T20:05:33.829Z  INFO 79869 --- [GhIE-ecard] [tomcat-handler-0] o.a.c.c.C.[Tomcat].[localhost].[/]       : Initializing Spring DispatcherServlet 'dispatcherServlet'
2026-02-16T20:05:33.831Z  INFO 79869 --- [GhIE-ecard] [tomcat-handler-0] o.s.web.servlet.DispatcherServlet        : Initializing Servlet 'dispatcherServlet'
2026-02-16T20:05:33.835Z  INFO 79869 --- [GhIE-ecard] [tomcat-handler-0] o.s.web.servlet.DispatcherServlet        : Completed initialization in 3 ms
2026-02-16T20:50:55.970Z  INFO 79869 --- [GhIE-ecard] [SpringApplicationShutdownHook] o.s.boot.tomcat.GracefulShutdown         : Commencing graceful shutdown. Waiting for active requests to complete
2026-02-16T20:50:56.012Z  INFO 79869 --- [GhIE-ecard] [tomcat-shutdown] o.s.boot.tomcat.GracefulShutdown         : Graceful shutdown complete
2026-02-16T20:50:56.042Z  INFO 79869 --- [GhIE-ecard] [SpringApplicationShutdownHook] j.LocalContainerEntityManagerFactoryBean : Closing JPA EntityManagerFactory for persistence unit 'default'
2026-02-16T20:50:56.067Z  INFO 79869 --- [GhIE-ecard] [SpringApplicationShutdownHook] com.zaxxer.hikari.HikariDataSource       : HikariPool-1 - Shutdown initiated...
2026-02-16T20:50:56.088Z  INFO 79869 --- [GhIE-ecard] [SpringApplicationShutdownHook] com.zaxxer.hikari.HikariDataSource       : HikariPool-1 - Shutdown completed.
2026-02-16T20:54:13.829Z  INFO 80522 --- [GhIE-ecard] [main] c.r.GhIE_ecard.GhieEcardApplication      : Starting GhieEcardApplication using Java 24.0.1 with PID 80522 (/Users/sarfowonder/Downloads/GhIE-ecard/target/classes started by sarfowonder in /Users/sarfowonder/Downloads/GhIE-ecard)
2026-02-16T20:54:13.833Z DEBUG 80522 --- [GhIE-ecard] [main] c.r.GhIE_ecard.GhieEcardApplication      : Running with Spring Boot v4.0.0, Spring v7.0.1
2026-02-16T20:54:13.835Z  INFO 80522 --- [GhIE-ecard] [main] c.r.GhIE_ecard.GhieEcardApplication      : No active profile set, falling back to 1 default profile: "default"
2026-02-16T20:54:15.142Z  INFO 80522 --- [GhIE-ecard] [main] .s.d.r.c.RepositoryConfigurationDelegate : Bootstrapping Spring Data JPA repositories in DEFAULT mode.
2026-02-16T20:54:15.230Z  INFO 80522 --- [GhIE-ecard] [main] .s.d.r.c.RepositoryConfigurationDelegate : Finished Spring Data repository scanning in 73 ms. Found 2 JPA repository interfaces.
2026-02-16T20:54:16.013Z  INFO 80522 --- [GhIE-ecard] [main] o.s.boot.tomcat.TomcatWebServer          : Tomcat initialized with port 8080 (http)
2026-02-16T20:54:16.051Z  INFO 80522 --- [GhIE-ecard] [main] o.apache.catalina.core.StandardService   : Starting service [Tomcat]
2026-02-16T20:54:16.051Z  INFO 80522 --- [GhIE-ecard] [main] o.apache.catalina.core.StandardEngine    : Starting Servlet engine: [Apache Tomcat/11.0.14]
2026-02-16T20:54:16.140Z  INFO 80522 --- [GhIE-ecard] [main] b.w.c.s.WebApplicationContextInitializer : Root WebApplicationContext: initialization completed in 2224 ms
2026-02-16T20:54:16.314Z  INFO 80522 --- [GhIE-ecard] [main] o.hibernate.jpa.internal.util.LogHelper  : HHH000204: Processing PersistenceUnitInfo [name: default]
2026-02-16T20:54:16.405Z  INFO 80522 --- [GhIE-ecard] [main] org.hibernate.Version                    : HHH000412: Hibernate ORM core version 7.1.8.Final
2026-02-16T20:54:17.112Z  INFO 80522 --- [GhIE-ecard] [main] o.s.o.j.p.SpringPersistenceUnitInfo      : No LoadTimeWeaver setup: ignoring JPA class transformer
2026-02-16T20:54:17.173Z  INFO 80522 --- [GhIE-ecard] [main] com.zaxxer.hikari.HikariDataSource       : HikariPool-1 - Starting...
2026-02-16T20:54:17.533Z  INFO 80522 --- [GhIE-ecard] [main] com.zaxxer.hikari.pool.HikariPool        : HikariPool-1 - Added connection org.postgresql.jdbc.PgConnection@3dad535f
2026-02-16T20:54:17.535Z  INFO 80522 --- [GhIE-ecard] [main] com.zaxxer.hikari.HikariDataSource       : HikariPool-1 - Start completed.
2026-02-16T20:54:17.627Z  INFO 80522 --- [GhIE-ecard] [main] org.hibernate.orm.connections.pooling    : HHH10001005: Database info:
	Database JDBC URL [jdbc:postgresql://localhost:5432/Members]
	Database driver: PostgreSQL JDBC Driver
	Database dialect: PostgreSQLDialect
	Database version: 18.1
	Default catalog/schema: Members/public
	Autocommit mode: undefined/unknown
	Isolation level: READ_COMMITTED [default READ_COMMITTED]
	JDBC fetch size: none
	Pool: DatasourceConnectionProviderImpl
	Minimum pool size: undefined/unknown
	Maximum pool size: undefined/unknown
2026-02-16T20:54:19.183Z  INFO 80522 --- [GhIE-ecard] [main] o.h.e.t.j.p.i.JtaPlatformInitiator       : HHH000489: No JTA platform available (set 'hibernate.transaction.jta.platform' to enable JTA platform integration)
2026-02-16T20:54:19.295Z  INFO 80522 --- [GhIE-ecard] [main] j.LocalContainerEntityManagerFactoryBean : Initialized JPA EntityManagerFactory for persistence unit 'default'
2026-02-16T20:54:19.395Z  INFO 80522 --- [GhIE-ecard] [main] o.s.d.j.r.query.QueryEnhancerFactories   : Hibernate is in classpath; If applicable, HQL parser will be used.
2026-02-16T20:54:19.689Z  WARN 80522 --- [GhIE-ecard] [main] JpaBaseConfiguration$JpaWebConfiguration : spring.jpa.open-in-view is enabled by default. Therefore, database queries may be performed during view rendering. Explicitly configure spring.jpa.open-in-view to disable this warning
2026-02-16T20:54:19.975Z DEBUG 80522 --- [GhIE-ecard] [main] c.r.G.services.JwtAuthenticationFilter   : Filter 'jwtAuthenticationFilter' configured for use
2026-02-16T20:54:20.475Z  INFO 80522 --- [GhIE-ecard] [main] r$InitializeUserDetailsManagerConfigurer : Global AuthenticationManager configured with UserDetailsService bean with name customUserDetailsService
2026-02-16T20:54:21.137Z  INFO 80522 --- [GhIE-ecard] [main] o.s.boot.tomcat.TomcatWebServer          : Tomcat started on port 8080 (http) with context path '/'
2026-02-16T20:54:21.156Z  INFO 80522 --- [GhIE-ecard] [main] c.r.GhIE_ecard.GhieEcardApplication      : Started GhieEcardApplication in 8.001 seconds (process running for 8.604)
2026-02-16T20:56:34.548Z  INFO 80522 --- [GhIE-ecard] [tomcat-handler-0] o.a.c.c.C.[Tomcat].[localhost].[/]       : Initializing Spring DispatcherServlet 'dispatcherServlet'
2026-02-16T20:56:34.566Z  INFO 80522 --- [GhIE-ecard] [tomcat-handler-0] o.s.web.servlet.DispatcherServlet        : Initializing Servlet 'dispatcherServlet'
2026-02-16T20:56:34.587Z  INFO 80522 --- [GhIE-ecard] [tomcat-handler-0] o.s.web.servlet.DispatcherServlet        : Completed initialization in 21 ms
2026-02-16T21:01:25.116Z  INFO 80522 --- [GhIE-ecard] [SpringApplicationShutdownHook] o.s.boot.tomcat.GracefulShutdown         : Commencing graceful shutdown. Waiting for active requests to complete
2026-02-16T21:01:25.161Z  INFO 80522 --- [GhIE-ecard] [tomcat-shutdown] o.s.boot.tomcat.GracefulShutdown         : Graceful shutdown complete
2026-02-16T21:01:25.191Z  INFO 80522 --- [GhIE-ecard] [SpringApplicationShutdownHook] j.LocalContainerEntityManagerFactoryBean : Closing JPA EntityManagerFactory for persistence unit 'default'
2026-02-16T21:01:25.209Z  INFO 80522 --- [GhIE-ecard] [SpringApplicationShutdownHook] com.zaxxer.hikari.HikariDataSource       : HikariPool-1 - Shutdown initiated...
2026-02-16T21:01:25.271Z  INFO 80522 --- [GhIE-ecard] [SpringApplicationShutdownHook] com.zaxxer.hikari.HikariDataSource       : HikariPool-1 - Shutdown completed.
